10 */1 * * * sh ~/git/archive-env-NG/targets/YTPMV.sh
20 */1 * * * sh ~/git/archive-env-NG/targets/louis.sh
0 */2 * * * sh ~/git/archive-env-NG/targets/sargon.sh
20 */4 * * * sh ~/git/archive-env-NG/targets/stoners.sh
0 */1 * * * sh ~/git/archive-env-NG/targets/var.sh
25 */1 * * * sh ~/git/archive-env-NG/targets/vee.sh
5 */24 * * * sh ~/git/archive-env-NG/targets/batfe.sh
6 */24 * * * sh ~/git/archive-env-NG/targets/fox.sh
7 */24 * * * sh ~/git/archive-env-NG/targets/gunz.sh
8 */24 * * * sh ~/git/archive-env-NG/targets/izumi.sh
9 */24 * * * sh ~/git/archive-env-NG/targets/kayla.sh
10 */24 * * * sh ~/git/archive-env-NG/targets/lilmissanon.sh
0 */5 * * * sh ~/git/archive-env-NG/targets/lrh-pp4l.sh
0 */24 * * * sh ~/git/archive-env-NG/targets/rose.sh
11 */24 * * * sh ~/git/archive-env-NG/targets/skeptfem.sh
12 */24 * * * sh ~/git/archive-env-NG/targets/spoony.sh
13 */24 * * * sh ~/git/archive-env-NG/targets/sydsnap.sh
14 */24 * * * sh ~/git/archive-env-NG/targets/var-jap.sh
0 */12 * * * sh ~/git/archive-env-NG/targets/vimeo.sh
6 */3 * * * sh ~/git/archive-env-NG/targets/anita.sh
15 */3 * * * sh ~/git/archive-env-NG/targets/blackhitler.sh
0 */1 * * * sh ~/git/archive-env-NG/targets/jbpeterson.sh
10 */3 * * * sh ~/git/archive-env-NG/targets/kurdtbada.sh
0 */48 * * * sh ~/git/archive-env-NG/targets/twitch.sh
30 */34 * * * sh ~/git/archive-env-NG/targets/graywolf.sh
0 */4 * * * sh ~/git/archive-env-NG/targets/doller.sh
0 */5 * * * sh ~/git/archive-env-NG/targets/naomi.sh
0 */5 * * * sh ~/git/archive-env-NG/targets/speedpainting.sh
0 */6 * * * sh ~/git/archive-env-NG/targets/sfm.sh
0 */1 * * * sh ~/git/archive-env-NG/targets/kraut.sh
12 */1 * * * sh ~/git/archive-env-NG/targets/update.sh
36 */1 * * * sh ~/git/archive-env-NG/targets/social-media.sh
#0 */1 * * * sh ~/git/archive-env-NG/targets/periscope.sh

