tubeup --metadata=collection:metasocialmedia https://www.youtube.com/watch?v=0HDInQkD40A
tubeup --metadata=collection:metasocialmedia https://www.youtube.com/watch?v=1d70RY0EG-A
tubeup --metadata=collection:metasocialmedia https://www.youtube.com/watch?v=1z7B8YEiGmQ
tubeup --metadata=collection:metasocialmedia https://www.youtube.com/watch?v=2cXEK8UZEZU
tubeup --metadata=collection:metasocialmedia https://www.youtube.com/watch?v=2DXY9cR7vN4
tubeup --metadata=collection:metasocialmedia https://www.youtube.com/watch?v=2kZpyiwfoPM
tubeup --metadata=collection:metasocialmedia https://www.youtube.com/watch?v=2nd4KHj6Wgk
tubeup --metadata=collection:metasocialmedia https://www.youtube.com/watch?v=2uV5XwhH6Eg
tubeup --metadata=collection:metasocialmedia https://www.youtube.com/watch?v=3DDkacecdrU
tubeup --metadata=collection:metasocialmedia https://www.youtube.com/watch?v=3nX6UdkaFFc
tubeup --metadata=collection:metasocialmedia https://www.youtube.com/watch?v=3pBn9x4gnPc
tubeup --metadata=collection:metasocialmedia https://www.youtube.com/watch?v=3TuL7Ul9v3U
tubeup --metadata=collection:metasocialmedia https://www.youtube.com/watch?v=4euhWv-lMwc
tubeup --metadata=collection:metasocialmedia https://www.youtube.com/watch?v=4fWEfYRlB2A
tubeup --metadata=collection:metasocialmedia https://www.youtube.com/watch?v=4-iu5VZj8nU
tubeup --metadata=collection:metasocialmedia https://www.youtube.com/watch?v=58hItPwNgvM
tubeup --metadata=collection:metasocialmedia https://www.youtube.com/watch?v=5fcHpUsX4Ig
tubeup --metadata=collection:metasocialmedia https://www.youtube.com/watch?v=5iYHYzdZfgw
tubeup --metadata=collection:metasocialmedia https://www.youtube.com/watch?v=5W-zPqrGQWA
tubeup --metadata=collection:metasocialmedia https://www.youtube.com/watch?v=5ZJgbGVyO_E
tubeup --metadata=collection:metasocialmedia https://www.youtube.com/watch?v=607Eq3b7BsM
tubeup --metadata=collection:metasocialmedia https://www.youtube.com/watch?v=6eJ3z_a2NyM
tubeup --metadata=collection:metasocialmedia https://www.youtube.com/watch?v=6EzD1YX0nkE
tubeup --metadata=collection:metasocialmedia https://www.youtube.com/watch?v=6PUh30gLfYE
tubeup --metadata=collection:metasocialmedia https://www.youtube.com/watch?v=6SFMq8gKtFM
tubeup --metadata=collection:metasocialmedia https://www.youtube.com/watch?v=6X7gKkrmP98
tubeup --metadata=collection:metasocialmedia https://www.youtube.com/watch?v=8iR8VNchpoE
tubeup --metadata=collection:metasocialmedia https://www.youtube.com/watch?v=90-6FLC3gNU
tubeup --metadata=collection:metasocialmedia https://www.youtube.com/watch?v=9E53T0IEo5A
tubeup --metadata=collection:metasocialmedia https://www.youtube.com/watch?v=9MfieM01AW0
tubeup --metadata=collection:metasocialmedia https://www.youtube.com/watch?v=A2Nyx1DWTSc
tubeup --metadata=collection:metasocialmedia https://www.youtube.com/watch?v=aej_ihTlk3E
tubeup --metadata=collection:metasocialmedia https://www.youtube.com/watch?v=AfG4qsibXDM
tubeup --metadata=collection:metasocialmedia https://www.youtube.com/watch?v=ahtddEL0K7Q
tubeup --metadata=collection:metasocialmedia https://www.youtube.com/watch?v=As4l-jx1DKg
tubeup --metadata=collection:metasocialmedia https://www.youtube.com/watch?v=_aubJ7mDKns
tubeup --metadata=collection:metasocialmedia https://www.youtube.com/watch?v=B4ctrNYVktk
tubeup --metadata=collection:metasocialmedia https://www.youtube.com/watch?v=B4RPUAiub34
tubeup --metadata=collection:metasocialmedia https://www.youtube.com/watch?v=beJa3IgHARc
tubeup --metadata=collection:metasocialmedia https://www.youtube.com/watch?v=BH_6BdgTdiw
tubeup --metadata=collection:metasocialmedia https://www.youtube.com/watch?v=BHWahwyH_TU
tubeup --metadata=collection:metasocialmedia https://www.youtube.com/watch?v=bOtSoNdCpBs
tubeup --metadata=collection:metasocialmedia https://www.youtube.com/watch?v=BsOont9Adwo
tubeup --metadata=collection:metasocialmedia https://www.youtube.com/watch?v=_c7vKRfl8Ac
tubeup --metadata=collection:metasocialmedia https://www.youtube.com/watch?v=cib6bkIZF0k
tubeup --metadata=collection:metasocialmedia https://www.youtube.com/watch?v=CSLv-dhVKxs
tubeup --metadata=collection:metasocialmedia https://www.youtube.com/watch?v=CvBuzIynCEA
tubeup --metadata=collection:metasocialmedia https://www.youtube.com/watch?v=d6zA1zeNxa8
tubeup --metadata=collection:metasocialmedia https://www.youtube.com/watch?v=dc2RJwC1e7U
tubeup --metadata=collection:metasocialmedia https://www.youtube.com/watch?v=dG9KcN_GbNM
tubeup --metadata=collection:metasocialmedia https://www.youtube.com/watch?v=dghIVPuGx68
tubeup --metadata=collection:metasocialmedia https://www.youtube.com/watch?v=DKZi5Ty0_mI
tubeup --metadata=collection:metasocialmedia https://www.youtube.com/watch?v=DWEZkslFdjg
tubeup --metadata=collection:metasocialmedia https://www.youtube.com/watch?v=e3gjiHlBOJY
tubeup --metadata=collection:metasocialmedia https://www.youtube.com/watch?v=e9Oap-aFu6w
tubeup --metadata=collection:metasocialmedia https://www.youtube.com/watch?v=ECC_1dCt4j8
tubeup --metadata=collection:metasocialmedia https://www.youtube.com/watch?v=ECCV_BmCUak
tubeup --metadata=collection:metasocialmedia https://www.youtube.com/watch?v=eHl5WMQIcoA
tubeup --metadata=collection:metasocialmedia https://www.youtube.com/watch?v=EIFrX_vOPhk
tubeup --metadata=collection:metasocialmedia https://www.youtube.com/watch?v=epUkMMkHvUs
tubeup --metadata=collection:metasocialmedia https://www.youtube.com/watch?v=EqboAI-Vk-U
tubeup --metadata=collection:metasocialmedia https://www.youtube.com/watch?v=eQOqBidkcfw
tubeup --metadata=collection:metasocialmedia https://www.youtube.com/watch?v=E_rcF7cHWmA
tubeup --metadata=collection:metasocialmedia https://www.youtube.com/watch?v=EU2oCVlzEZk
tubeup --metadata=collection:metasocialmedia https://www.youtube.com/watch?v=euv2PtmP2tI
tubeup --metadata=collection:metasocialmedia https://www.youtube.com/watch?v=fEOjQlBxGv8
tubeup --metadata=collection:metasocialmedia https://www.youtube.com/watch?v=fJY-taFGc1o
tubeup --metadata=collection:metasocialmedia https://www.youtube.com/watch?v=FLvM8ju6BZI
tubeup --metadata=collection:metasocialmedia https://www.youtube.com/watch?v=FTypKfK25Sg
tubeup --metadata=collection:metasocialmedia https://www.youtube.com/watch?v=g309_g-RF_s
tubeup --metadata=collection:metasocialmedia https://www.youtube.com/watch?v=gGRADSQeVvs
tubeup --metadata=collection:metasocialmedia https://www.youtube.com/watch?v=gjMY4RmOsTI
tubeup --metadata=collection:metasocialmedia https://www.youtube.com/watch?v=Gn1nI-Ltkb4
tubeup --metadata=collection:metasocialmedia https://www.youtube.com/watch?v=gRAJm07-WYc
tubeup --metadata=collection:metasocialmedia https://www.youtube.com/watch?v=GYESkb3mMfc
tubeup --metadata=collection:metasocialmedia https://www.youtube.com/watch?v=h4l971tVGNA
tubeup --metadata=collection:metasocialmedia https://www.youtube.com/watch?v=HDl3GT8NFsk
tubeup --metadata=collection:metasocialmedia https://www.youtube.com/watch?v=HH6M5V2na2c
tubeup --metadata=collection:metasocialmedia https://www.youtube.com/watch?v=hiG4kmPkCNo
tubeup --metadata=collection:metasocialmedia https://www.youtube.com/watch?v=HoGrYoLTCzg
tubeup --metadata=collection:metasocialmedia https://www.youtube.com/watch?v=HOovtCAxT44
tubeup --metadata=collection:metasocialmedia https://www.youtube.com/watch?v=HwKfWdmtW50
tubeup --metadata=collection:metasocialmedia https://www.youtube.com/watch?v=ihebbbIQo0A
tubeup --metadata=collection:metasocialmedia https://www.youtube.com/watch?v=iibPGSfduzc
tubeup --metadata=collection:metasocialmedia https://www.youtube.com/watch?v=IksraEOsw4g
tubeup --metadata=collection:metasocialmedia https://www.youtube.com/watch?v=ILd5J3t1Epc
tubeup --metadata=collection:metasocialmedia https://www.youtube.com/watch?v=IMQkHytgRo8
tubeup --metadata=collection:metasocialmedia https://www.youtube.com/watch?v=inoYncRy-eY
tubeup --metadata=collection:metasocialmedia https://www.youtube.com/watch?v=iPuU9HJS4og
tubeup --metadata=collection:metasocialmedia https://www.youtube.com/watch?v=IQdyX4S3Dns
tubeup --metadata=collection:metasocialmedia https://www.youtube.com/watch?v=iRnhcn8gg74
tubeup --metadata=collection:metasocialmedia https://www.youtube.com/watch?v=iUqSZqJMRRQ
tubeup --metadata=collection:metasocialmedia https://www.youtube.com/watch?v=j0q_7SRcLWY
tubeup --metadata=collection:metasocialmedia https://www.youtube.com/watch?v=J1q5DcYdFQs
tubeup --metadata=collection:metasocialmedia https://www.youtube.com/watch?v=JCGUkPibYBI
tubeup --metadata=collection:metasocialmedia https://www.youtube.com/watch?v=JHEXULfJ4Dg
tubeup --metadata=collection:metasocialmedia https://www.youtube.com/watch?v=Jkj91fuOpXU
tubeup --metadata=collection:metasocialmedia https://www.youtube.com/watch?v=J-LWrMgX56o
tubeup --metadata=collection:metasocialmedia https://www.youtube.com/watch?v=JMaqAMHZW2Y
tubeup --metadata=collection:metasocialmedia https://www.youtube.com/watch?v=JQ2_6K-zm3E
tubeup --metadata=collection:metasocialmedia https://www.youtube.com/watch?v=Jqx-8I3hMbY
tubeup --metadata=collection:metasocialmedia https://www.youtube.com/watch?v=jsXwz9JK7_c
tubeup --metadata=collection:metasocialmedia https://www.youtube.com/watch?v=jyK3wIak3hU
tubeup --metadata=collection:metasocialmedia https://www.youtube.com/watch?v=k_gplHQGpoI
tubeup --metadata=collection:metasocialmedia https://www.youtube.com/watch?v=kR6BrUa0KgU
tubeup --metadata=collection:metasocialmedia https://www.youtube.com/watch?v=ksa49hZjKbA
tubeup --metadata=collection:metasocialmedia https://www.youtube.com/watch?v=KtPH9lISJ2g
tubeup --metadata=collection:metasocialmedia https://www.youtube.com/watch?v=L27HTnmxGVg
tubeup --metadata=collection:metasocialmedia https://www.youtube.com/watch?v=L5Hc9gaHPs8
tubeup --metadata=collection:metasocialmedia https://www.youtube.com/watch?v=L7c4wS7T_T8
tubeup --metadata=collection:metasocialmedia https://www.youtube.com/watch?v=Ld0Nn8Bdp4A
tubeup --metadata=collection:metasocialmedia https://www.youtube.com/watch?v=lJnnPLeKz-M
tubeup --metadata=collection:metasocialmedia https://www.youtube.com/watch?v=ljYDZga2xKg
tubeup --metadata=collection:metasocialmedia https://www.youtube.com/watch?v=_llim66vl5U
tubeup --metadata=collection:metasocialmedia https://www.youtube.com/watch?v=lm3kglXRXrQ
tubeup --metadata=collection:metasocialmedia https://www.youtube.com/watch?v=LnaUwiomwq4
tubeup --metadata=collection:metasocialmedia https://www.youtube.com/watch?v=LqAzpJthtIY
tubeup --metadata=collection:metasocialmedia https://www.youtube.com/watch?v=_LQilT8FQn8
tubeup --metadata=collection:metasocialmedia https://www.youtube.com/watch?v=ltYK3CHttjU
tubeup --metadata=collection:metasocialmedia https://www.youtube.com/watch?v=L-Uo3c62a8Q
tubeup --metadata=collection:metasocialmedia https://www.youtube.com/watch?v=lZtzb0dr600
tubeup --metadata=collection:metasocialmedia https://www.youtube.com/watch?v=m5TIzBGyctY
tubeup --metadata=collection:metasocialmedia https://www.youtube.com/watch?v=MbHuSHGZf5U
tubeup --metadata=collection:metasocialmedia https://www.youtube.com/watch?v=mDKnuuLtBGk
tubeup --metadata=collection:metasocialmedia https://www.youtube.com/watch?v=Mfbudul12PM
tubeup --metadata=collection:metasocialmedia https://www.youtube.com/watch?v=mHRgAm5l1-w
tubeup --metadata=collection:metasocialmedia https://www.youtube.com/watch?v=Mlk888FiI8A
tubeup --metadata=collection:metasocialmedia https://www.youtube.com/watch?v=mQz9NGNUuG4
tubeup --metadata=collection:metasocialmedia https://www.youtube.com/watch?v=MRx_ZyaaTh0
tubeup --metadata=collection:metasocialmedia https://www.youtube.com/watch?v=mwjCygufkko
tubeup --metadata=collection:metasocialmedia https://www.youtube.com/watch?v=MxRNr6-0Mlw
tubeup --metadata=collection:metasocialmedia https://www.youtube.com/watch?v=mZEWsbcva1Q
tubeup --metadata=collection:metasocialmedia https://www.youtube.com/watch?v=MZ-IuBfLnlc
tubeup --metadata=collection:metasocialmedia https://www.youtube.com/watch?v=N0CZC0TKlyo
tubeup --metadata=collection:metasocialmedia https://www.youtube.com/watch?v=n0Qo2Zv4tm8
tubeup --metadata=collection:metasocialmedia https://www.youtube.com/watch?v=NKO73gk2SbE
tubeup --metadata=collection:metasocialmedia https://www.youtube.com/watch?v=NmcIngkt6No
tubeup --metadata=collection:metasocialmedia https://www.youtube.com/watch?v=nPrL1eMbI4U
tubeup --metadata=collection:metasocialmedia https://www.youtube.com/watch?v=NvnBuSL4hyU
tubeup --metadata=collection:metasocialmedia https://www.youtube.com/watch?v=nzttmg-qNGs
tubeup --metadata=collection:metasocialmedia https://www.youtube.com/watch?v=o0V9WqmKGuk
tubeup --metadata=collection:metasocialmedia https://www.youtube.com/watch?v=o623TB-mY6A
tubeup --metadata=collection:metasocialmedia https://www.youtube.com/watch?v=o-9VYBkCois
tubeup --metadata=collection:metasocialmedia https://www.youtube.com/watch?v=ohxDSfPpsHE
tubeup --metadata=collection:metasocialmedia https://www.youtube.com/watch?v=OJ_1BZ7ZrbA
tubeup --metadata=collection:metasocialmedia https://www.youtube.com/watch?v=ovFnl6P6e8o
tubeup --metadata=collection:metasocialmedia https://www.youtube.com/watch?v=oX0Cb9NM9As
tubeup --metadata=collection:metasocialmedia https://www.youtube.com/watch?v=OXC-bA8TCio
tubeup --metadata=collection:metasocialmedia https://www.youtube.com/watch?v=PG6QZGUUuYM
tubeup --metadata=collection:metasocialmedia https://www.youtube.com/watch?v=pgz-QkfNjUk
tubeup --metadata=collection:metasocialmedia https://www.youtube.com/watch?v=Pip03iXi3FI
tubeup --metadata=collection:metasocialmedia https://www.youtube.com/watch?v=pNK_CUHn6Jc
tubeup --metadata=collection:metasocialmedia https://www.youtube.com/watch?v=PoKOkC8YDoY
tubeup --metadata=collection:metasocialmedia https://www.youtube.com/watch?v=PomJBppmHyI
tubeup --metadata=collection:metasocialmedia https://www.youtube.com/watch?v=PVbC9pRyAnU
tubeup --metadata=collection:metasocialmedia https://www.youtube.com/watch?v=pXc_w49fsmI
tubeup --metadata=collection:metasocialmedia https://www.youtube.com/watch?v=Q13CishCKXY
tubeup --metadata=collection:metasocialmedia https://www.youtube.com/watch?v=QHLNb7qOQyw
tubeup --metadata=collection:metasocialmedia https://www.youtube.com/watch?v=qMdd-Gpre10
tubeup --metadata=collection:metasocialmedia https://www.youtube.com/watch?v=QufR8_oyQIg
tubeup --metadata=collection:metasocialmedia https://www.youtube.com/watch?v=QZe1OlgEQVs
tubeup --metadata=collection:metasocialmedia https://www.youtube.com/watch?v=q_ZLSXILTKs
tubeup --metadata=collection:metasocialmedia https://www.youtube.com/watch?v=Q_ZPBqVF0_8
tubeup --metadata=collection:metasocialmedia https://www.youtube.com/watch?v=r0M4gRFgKzE
tubeup --metadata=collection:metasocialmedia https://www.youtube.com/watch?v=rBGo9xSiTdw
tubeup --metadata=collection:metasocialmedia https://www.youtube.com/watch?v=rcam015YCZY
tubeup --metadata=collection:metasocialmedia https://www.youtube.com/watch?v=R_cSdOmSBUM
tubeup --metadata=collection:metasocialmedia https://www.youtube.com/watch?v=RHwcuSslU30
tubeup --metadata=collection:metasocialmedia https://www.youtube.com/watch?v=rlsUiOlBwoI
tubeup --metadata=collection:metasocialmedia https://www.youtube.com/watch?v=RLYxAZBwbjA
tubeup --metadata=collection:metasocialmedia https://www.youtube.com/watch?v=rOZaxdPYP7U
tubeup --metadata=collection:metasocialmedia https://www.youtube.com/watch?v=rVNpgtbrd9M
tubeup --metadata=collection:metasocialmedia https://www.youtube.com/watch?v=RXHhaXoe1N4
tubeup --metadata=collection:metasocialmedia https://www.youtube.com/watch?v=Scc-hrxc2jw
tubeup --metadata=collection:metasocialmedia https://www.youtube.com/watch?v=sOGyXAmWaFo
tubeup --metadata=collection:metasocialmedia https://www.youtube.com/watch?v=su0XTfUb4oo
tubeup --metadata=collection:metasocialmedia https://www.youtube.com/watch?v=SWRbd9Ls_kM
tubeup --metadata=collection:metasocialmedia https://www.youtube.com/watch?v=SXubhJ4mcNE
tubeup --metadata=collection:metasocialmedia https://www.youtube.com/watch?v=szpZ9fnTM0o
tubeup --metadata=collection:metasocialmedia https://www.youtube.com/watch?v=T0Ddr5Vnnbo
tubeup --metadata=collection:metasocialmedia https://www.youtube.com/watch?v=TKf2ma7KccU
tubeup --metadata=collection:metasocialmedia https://www.youtube.com/watch?v=ttDyimAk88Y
tubeup --metadata=collection:metasocialmedia https://www.youtube.com/watch?v=twF-FAdK1WM
tubeup --metadata=collection:metasocialmedia https://www.youtube.com/watch?v=u4_AYNEc_9Y
tubeup --metadata=collection:metasocialmedia https://www.youtube.com/watch?v=udktCekXyi8
tubeup --metadata=collection:metasocialmedia https://www.youtube.com/watch?v=udZz2_E4SXw
tubeup --metadata=collection:metasocialmedia https://www.youtube.com/watch?v=UKWDOgARQHA
tubeup --metadata=collection:metasocialmedia https://www.youtube.com/watch?v=uTtRIuzdr8o
tubeup --metadata=collection:metasocialmedia https://www.youtube.com/watch?v=uwUTtuS1Hb4
tubeup --metadata=collection:metasocialmedia https://www.youtube.com/watch?v=V3_6TEqeyyc
tubeup --metadata=collection:metasocialmedia https://www.youtube.com/watch?v=v8N91n352LM
tubeup --metadata=collection:metasocialmedia https://www.youtube.com/watch?v=vj217zchCPM
tubeup --metadata=collection:metasocialmedia https://www.youtube.com/watch?v=vtGOZJsmkzw
tubeup --metadata=collection:metasocialmedia https://www.youtube.com/watch?v=V-uvUgnyNVE
tubeup --metadata=collection:metasocialmedia https://www.youtube.com/watch?v=W4tJ-HKBeGc
tubeup --metadata=collection:metasocialmedia https://www.youtube.com/watch?v=W8l5zlR_3_E
tubeup --metadata=collection:metasocialmedia https://www.youtube.com/watch?v=WC25dmR7lh8
tubeup --metadata=collection:metasocialmedia https://www.youtube.com/watch?v=Wd-yoxlVU4U
tubeup --metadata=collection:metasocialmedia https://www.youtube.com/watch?v=WF9R-FeESJ4
tubeup --metadata=collection:metasocialmedia https://www.youtube.com/watch?v=WIqa9ApUFFU
tubeup --metadata=collection:metasocialmedia https://www.youtube.com/watch?v=wR360HD2NFY
tubeup --metadata=collection:metasocialmedia https://www.youtube.com/watch?v=WRexnSnaYTo
tubeup --metadata=collection:metasocialmedia https://www.youtube.com/watch?v=WxIcVwFshEU
tubeup --metadata=collection:metasocialmedia https://www.youtube.com/watch?v=WyQne5jf6UY
tubeup --metadata=collection:metasocialmedia https://www.youtube.com/watch?v=X9IA86p8Owc
tubeup --metadata=collection:metasocialmedia https://www.youtube.com/watch?v=xbfIGePHBvs
tubeup --metadata=collection:metasocialmedia https://www.youtube.com/watch?v=xbrlZqqzZHE
tubeup --metadata=collection:metasocialmedia https://www.youtube.com/watch?v=XKHwv7KsLjM
tubeup --metadata=collection:metasocialmedia https://www.youtube.com/watch?v=XTVvJVfhBeA
tubeup --metadata=collection:metasocialmedia https://www.youtube.com/watch?v=XVYqWcbPAUk
tubeup --metadata=collection:metasocialmedia https://www.youtube.com/watch?v=Y5Dp9jTnymc
tubeup --metadata=collection:metasocialmedia https://www.youtube.com/watch?v=y8FGcgisZFs
tubeup --metadata=collection:metasocialmedia https://www.youtube.com/watch?v=yblv8D0tR7I
tubeup --metadata=collection:metasocialmedia https://www.youtube.com/watch?v=Yd1QuT2twmI
tubeup --metadata=collection:metasocialmedia https://www.youtube.com/watch?v=yHrmU1BLOXM
tubeup --metadata=collection:metasocialmedia https://www.youtube.com/watch?v=yiKfh2LTeXM
tubeup --metadata=collection:metasocialmedia https://www.youtube.com/watch?v=Yjm5hrYN124
tubeup --metadata=collection:metasocialmedia https://www.youtube.com/watch?v=yYXnxnix10A
tubeup --metadata=collection:metasocialmedia https://www.youtube.com/watch?v=z1vly15Uh-Y
tubeup --metadata=collection:metasocialmedia https://www.youtube.com/watch?v=Z4PDai_Jh1c
tubeup --metadata=collection:metasocialmedia https://www.youtube.com/watch?v=z-7O9ZpEjyg
tubeup --metadata=collection:metasocialmedia https://www.youtube.com/watch?v=zCap62P6qGg
tubeup --metadata=collection:metasocialmedia https://www.youtube.com/watch?v=zL3hZQLS6II
tubeup --metadata=collection:metasocialmedia https://www.youtube.com/watch?v=zlMowstS1e0
tubeup --metadata=collection:metasocialmedia https://www.youtube.com/watch?v=zMHznjx0EDo
tubeup --metadata=collection:metasocialmedia https://www.youtube.com/watch?v=ZqEbVt06tME
tubeup --metadata=collection:metasocialmedia https://www.youtube.com/watch?v=_zsq4ryBQTQ
tubeup --metadata=collection:metasocialmedia https://www.youtube.com/watch?v=zWRgIW9KnzY
tubeup --metadata=collection:metasocialmedia https://www.youtube.com/watch?v=ZZP6VgbuqQI
6853395931421740293
6857226432926452998
6858354332325235973
6859053726406151429
6859410839745629446
6860206194720574726
6863150894809107717
6863857367747153157
6864566330146688262
6865281949930458374
6866144566727200005
6866390945441516806
6866759900219968774
6866821353887075590
6869854015539154181
6870558815817960706
6870967165076475138
6871704173054807297
6872077144525229313
6873125313707019521
6873513448999898369
6873808255831887105
6873888926910713090
6874603580033174785
6875037502072278273
6875322553091706114
6875744098364427521
6876911718895750401
6877263299172420866
6878375319464676609
6879887843771108610
6880496733298756865
6881989490517232898
6882773060697525506
6883499988106693890
6883868186622561537
6884970370194033921
6885730746623888641
6886092823490301186
6886910881201016065
6887193459862588673
6890978600405732610
6892828161063554306
6893165878909668609
6893930016761990402
6894344985496390913
6896481971451514113
6899496881894804737
6900604218894306561
6900637312292637954
6901769420499111169
6902847944052051202
6903984676252306690
6904367590857100546
6905018956721949953
6905066282085993730
6907695134415080705
6909523183527857409
6913654685375286530
6915108940783095042
6916218954184658177
6916531750063721730
6918001241280843010
6918861703081921794
6919888267269754113
6919943144339442946
6922154702134054145
6923325809742728454
6923642741888945413
6924330121348254981
6924424454550375685
6925148332016815365
6925504097525189894
6925867108236643590
6926219732093816069
6926607266519076101
6926637641685372165
6926922456838065414
6927289901717130502
6927310278010866949
6927690113237404934
6929149529656724742
6929548151690939654
6931435154711858437
6932150132284640518
6933990193439493381
6934048202836430085
6935122413654969606
6935481409729481989
6935799398244896005
6936280691332091142
6937400525084167429
6937755557373775109
6938064010801581317
6938462272507350278
6938792841363606790
6940310728704347397
6940739037573434630
6941109458152082693
6942595413887192325
6947330560700239110
6947687764217416966
6948129883478428933
6948856375384476933
6949148399220362501
6949592714191179014
6949881302636186885
6951463586191412486
6952213509405003013
6953593282899283205
6954018080041225478
6956288579324693766
6957029130021948678
6959519605626850566
6961776351204494597
6965924290323598597
6966550345640070405
6967705535953079557
6969195766762065157
6970667832275193093
6971850361665539333
6972120779576085765
6972981857306660102
6973728162664566021
6973751440632270086
6974432816125807878
6975496558150257926
6976979046005574918
6977843733274332422
6979606565930257669
6980684795865042182
6982180962578992385
6982855300214787334
6986376674518633734
6987007744561712389
6988103470138051845
6992191022285540614
6995172233165442310
6996626642617650438
6996674038865169669
6997812122054905093
6998141897759853829
6998870246908005637
6999340478827171077
6999998717067562245
7001912509397519621
7002271249376234757
7004837362840784133
7006438271035149573
7010491602187603205
7010789597487680774
7010823984258223366
7011150294214003973
7011533583093386502
7011593147088243973
7013408078762642693
7013838559811570950
7015298110180150533
7017090384044018949
7020857651001167110
7022743148535352581
7023373320972225797
7034234057391082758
7037889467897728261
7038647051097230597
7041591294963076358
7042690260609797382
7042765946712362245
7043075637195672838
7043129575945145606
7045256275524914438
7046143778121338118
7046462540091624710
7047563378365091078
7048013329037528325
7048300379259276549
7048570997309590789
7049337031108955397
7050576922711051525
7051216474081414405
7051250852962635013
7053152780466359558
7053816996160392454
7056109292474141958
7056455366262983942
7056898364587232518
7057652678540791045
7057872065151421702
7059201945843551493
7061241773275843845
7062275555655208197
7062372072047086854
tubeup --metadata=collection:tubeup https://www.youtube.com/watch?v=3vFsXYdSZH8
tubeup --metadata=collection:tubeup https://www.youtube.com/watch?v=fYU2Xtlj6Hs
tubeup --metadata=collection:tubeup https://www.youtube.com/watch?v=Sk8OzcQ-WHY
tubeup --metadata=collection:tubeup https://www.youtube.com/watch?v=vwWej8GWqQI
tubeup --metadata=collection:tubeup https://www.youtube.com/watch?v=3vFsXYdSZH8
tubeup --metadata=collection:tubeup https://www.youtube.com/watch?v=fYU2Xtlj6Hs
tubeup --metadata=collection:tubeup https://www.youtube.com/watch?v=Sk8OzcQ-WHY
tubeup --metadata=collection:tubeup https://www.youtube.com/watch?v=vwWej8GWqQI
tubeup --metadata=collection:tubeup https://www.youtube.com/watch?v=3vFsXYdSZH8
tubeup --metadata=collection:tubeup https://www.youtube.com/watch?v=3vFsXYdSZH8
tubeup --metadata=collection:tubeup https://www.youtube.com/watch?v=fYU2Xtlj6Hs
tubeup --metadata=collection:tubeup https://www.youtube.com/watch?v=fYU2Xtlj6Hs
tubeup --metadata=collection:tubeup https://www.youtube.com/watch?v=Sk8OzcQ-WHY
tubeup --metadata=collection:tubeup https://www.youtube.com/watch?v=Sk8OzcQ-WHY
tubeup --metadata=collection:tubeup https://www.youtube.com/watch?v=vwWej8GWqQI
tubeup --metadata=collection:tubeup https://www.youtube.com/watch?v=vwWej8GWqQI
tubeup --metadata=collection:tubeup https://www.youtube.com/watch?v=wWkJtCUP8ec
tubeup --metadata=collection:louislevauvideos https://www.youtube.com/watch?v=0ou0daTEc1g
tubeup --metadata=collection:louislevauvideos https://www.youtube.com/watch?v=2d2-iK5Dcy0
tubeup --metadata=collection:louislevauvideos https://www.youtube.com/watch?v=4iQrpaCPToQ
tubeup --metadata=collection:louislevauvideos https://www.youtube.com/watch?v=5b7ZZNGUy8g
tubeup --metadata=collection:louislevauvideos https://www.youtube.com/watch?v=6F9EKQsojTk
tubeup --metadata=collection:louislevauvideos https://www.youtube.com/watch?v=6Iyx2Xd0x44
tubeup --metadata=collection:louislevauvideos https://www.youtube.com/watch?v=7GwiE-ut8Ec
tubeup --metadata=collection:louislevauvideos https://www.youtube.com/watch?v=8cmjLFO2dVM
tubeup --metadata=collection:louislevauvideos https://www.youtube.com/watch?v=8gydsPsLmaM
tubeup --metadata=collection:louislevauvideos https://www.youtube.com/watch?v=aXYSHJwkzbw
tubeup --metadata=collection:louislevauvideos https://www.youtube.com/watch?v=bg9RKaOYgSM
tubeup --metadata=collection:louislevauvideos https://www.youtube.com/watch?v=BRwzbifMRyE
tubeup --metadata=collection:louislevauvideos https://www.youtube.com/watch?v=c5ZIY5tUFMc
tubeup --metadata=collection:louislevauvideos https://www.youtube.com/watch?v=CkKK-kix5ek
tubeup --metadata=collection:louislevauvideos https://www.youtube.com/watch?v=cqalNFvqpF4
tubeup --metadata=collection:louislevauvideos https://www.youtube.com/watch?v=dWoJfdembxE
tubeup --metadata=collection:louislevauvideos https://www.youtube.com/watch?v=EEOe8Xu0LUo
tubeup --metadata=collection:louislevauvideos https://www.youtube.com/watch?v=eigqItBKoIo
tubeup --metadata=collection:louislevauvideos https://www.youtube.com/watch?v=ejJXYPY2Sb0
tubeup --metadata=collection:louislevauvideos https://www.youtube.com/watch?v=eq8wWbJkc0M
tubeup --metadata=collection:louislevauvideos https://www.youtube.com/watch?v=F9JE44EzJr8
tubeup --metadata=collection:louislevauvideos https://www.youtube.com/watch?v=fe6stpkvRr4
tubeup --metadata=collection:louislevauvideos https://www.youtube.com/watch?v=FJwOf8sLvP4
tubeup --metadata=collection:louislevauvideos https://www.youtube.com/watch?v=fuEhmwW9-Ho
tubeup --metadata=collection:louislevauvideos https://www.youtube.com/watch?v=G3wjwWIvpBY
tubeup --metadata=collection:louislevauvideos https://www.youtube.com/watch?v=_hpAcyBUZK0
tubeup --metadata=collection:louislevauvideos https://www.youtube.com/watch?v=hYvr5iNcpEs
tubeup --metadata=collection:louislevauvideos https://www.youtube.com/watch?v=i4P51BZKB4w
tubeup --metadata=collection:louislevauvideos https://www.youtube.com/watch?v=IGzEeJwZgYc
tubeup --metadata=collection:louislevauvideos https://www.youtube.com/watch?v=ikKgiP6Cuy0
tubeup --metadata=collection:louislevauvideos https://www.youtube.com/watch?v=JE42OhesR5k
tubeup --metadata=collection:louislevauvideos https://www.youtube.com/watch?v=jtdE-anasI0
tubeup --metadata=collection:louislevauvideos https://www.youtube.com/watch?v=k2LDqEspfic
tubeup --metadata=collection:louislevauvideos https://www.youtube.com/watch?v=KKke6gNBl0Y
tubeup --metadata=collection:louislevauvideos https://www.youtube.com/watch?v=KX1iav0gG38
tubeup --metadata=collection:louislevauvideos https://www.youtube.com/watch?v=KYKULqjfkRo
tubeup --metadata=collection:louislevauvideos https://www.youtube.com/watch?v=L2BZ0rFHqMg
tubeup --metadata=collection:louislevauvideos https://www.youtube.com/watch?v=m1GSCmOX-MU
tubeup --metadata=collection:louislevauvideos https://www.youtube.com/watch?v=m9SuASCEPFE
tubeup --metadata=collection:louislevauvideos https://www.youtube.com/watch?v=nCS6d0vnNBo
tubeup --metadata=collection:louislevauvideos https://www.youtube.com/watch?v=NQ5fEtAeDx8
tubeup --metadata=collection:louislevauvideos https://www.youtube.com/watch?v=OmOvhceG9qI
tubeup --metadata=collection:louislevauvideos https://www.youtube.com/watch?v=OpqaJF2WQ4c
tubeup --metadata=collection:louislevauvideos https://www.youtube.com/watch?v=OWMoPPU0wKc
tubeup --metadata=collection:louislevauvideos https://www.youtube.com/watch?v=pH9m5slzpYs
tubeup --metadata=collection:louislevauvideos https://www.youtube.com/watch?v=q_AV3iH_5ds
tubeup --metadata=collection:louislevauvideos https://www.youtube.com/watch?v=QJUZxNVFW3k
tubeup --metadata=collection:louislevauvideos https://www.youtube.com/watch?v=QSKeSM76j_4
tubeup --metadata=collection:louislevauvideos https://www.youtube.com/watch?v=r8TE5OVnuIg
tubeup --metadata=collection:louislevauvideos https://www.youtube.com/watch?v=roMoPU2_imM
tubeup --metadata=collection:louislevauvideos https://www.youtube.com/watch?v=sK1feu3_9BU
tubeup --metadata=collection:louislevauvideos https://www.youtube.com/watch?v=tFsAx3tCBt0
tubeup --metadata=collection:louislevauvideos https://www.youtube.com/watch?v=usaMPRCL8Hs
tubeup --metadata=collection:louislevauvideos https://www.youtube.com/watch?v=UVS1Ilx70mw
tubeup --metadata=collection:louislevauvideos https://www.youtube.com/watch?v=vC8xnlGbVes
tubeup --metadata=collection:louislevauvideos https://www.youtube.com/watch?v=VYjE7ZexuLM
tubeup --metadata=collection:louislevauvideos https://www.youtube.com/watch?v=W98mAtXZpcs
tubeup --metadata=collection:louislevauvideos https://www.youtube.com/watch?v=wBpWUx9Uz7k
tubeup --metadata=collection:louislevauvideos https://www.youtube.com/watch?v=WFBg-IEyF4E
tubeup --metadata=collection:louislevauvideos https://www.youtube.com/watch?v=WXL6vp6yqT8
tubeup --metadata=collection:louislevauvideos https://www.youtube.com/watch?v=Xv4glJWsuxY
tubeup --metadata=collection:louislevauvideos https://www.youtube.com/watch?v=y3YvKLGusN8
tubeup --metadata=collection:louislevauvideos https://www.youtube.com/watch?v=Y7iLeDzpXFw
tubeup --metadata=collection:louislevauvideos https://www.youtube.com/watch?v=YcS32zQpf7s
tubeup --metadata=collection:louislevauvideos https://www.youtube.com/watch?v=yf8oGgVMrDY
tubeup --metadata=collection:louislevauvideos https://www.youtube.com/watch?v=YZQgRDpDXYc
tubeup --metadata=collection:louislevauvideos https://www.youtube.com/watch?v=Z6SuBI-9O6g
tubeup --metadata=collection:louislevauvideos https://www.youtube.com/watch?v=Zg_JFdGuGug
tubeup --metadata=collection:louislevauvideos https://www.youtube.com/watch?v=zp4bioGz0GA
